<testsuite tests="20">
  <testcase classname="USTEventShared_TEST" name="testBlankEvent" time="171" />
  <testcase classname="USTEventShared_TEST" name="testEventFeed" time="1045" />
  <testcase classname="USTEventShared_TEST" name="testItineraryPrint" time="1963" />
  <testcase classname="USTEventShared_TEST" name="testLetterheadLookup" time="649" />
  <testcase classname="USTEventShared_TEST" name="testMatchingUDAR" time="3654" />
  <testcase classname="USTEventShared_TEST" name="testMatchingUndergraduate" time="2791" />
  <testcase classname="USTEventShared_TEST" name="testNoMatchGraduate" time="1003" />
  <testcase classname="USTEventShared_TEST" name="testParkingPass" time="636" />
  <testcase classname="USTEventShared_TEST" name="testRegAlreadyExists" time="930" />
  <testcase classname="USTEventShared_TEST" name="testRegCancel" time="521" />
  <testcase classname="USTEventShared_TEST" name="testRegConfirmationPage" time="628" />
  <testcase classname="USTEventShared_TEST" name="testRegPicklists" time="184" />
  <testcase classname="USTEventShared_TEST" name="testRegWithOptions" time="3006" />
  <testcase classname="USTEventShared_TEST" name="testSubmit" time="868" />
  <testcase classname="USTEventShared_TEST" name="testUSTAddToCalendar" time="289" />
  <testcase classname="USTEventShared_TEST" name="testUSTApptConfirmTriggerOvernight" time="1912" />
  <testcase classname="USTEventShared_TEST" name="testUSTEventTriggers" time="3365" />
  <testcase classname="USTEventShared_TEST" name="testUSTHostAssignment" time="561" />
  <testcase classname="USTEventShared_TEST" name="testUSTProgramFinder" time="216" />
  <testcase classname="USTRestAdmissions_TEST" name="TestUSTRestAdmissions" time="94" />
</testsuite>